
  x All api files should export a class like 'export default class TodoApi'
   ,-[$DIR/tests/errors/export-default-fn/1/input.ts:3:1]
 3 | export default function () { }
   :                ^^^^^^^^^^^^^^^
   `----
